
> alros-inmobiliaria@0.1.0 build
> next build

node.exe : 
[baseline-browser-mapping] 
The data in this module is 
over two months old.  To 
ensure accurate Baseline 
data, please update: `npm i b
aseline-browser-mapping@lates
t -D`
En línea: 1 Carácter: 1
+ & "C:\Program 
Files\nodejs/node.exe" 
"C:\Program 
Files\nodejs/node_mo ...
+ ~~~~~~~~~~~~~~~~~~~~~~~~~~~
~~~~~~~~~~~~~~~~~~~~~~~~~~~~~
~~~~~~~~~~~~~
    + CategoryInfo           
   : NotSpecified: ([baseli  
  ne-brows...ping@latest -   
 D`:String) [], RemoteExc    
eption
    + FullyQualifiedErrorId  
   : NativeCommandError
 
   Ôû▓ Next.js 16.0.10 (Turbopack)
   - Environments: .env.local

 ÔÜá The "middleware" file 
convention is deprecated. 
Please use "proxy" instead. 
Learn more: https://nextjs.or
g/docs/messages/middleware-to
-proxy
   Creating an optimized production build ...
[baseline-browser-mapping] 
The data in this module is 
over two months old.  To 
ensure accurate Baseline 
data, please update: `npm i b
aseline-browser-mapping@lates
t -D`
 Ô£ô Compiled successfully in 2.9s
   Running TypeScript ...
   Collecting page data using 15 workers ...
[baseline-browser-mapping] 
The data in this module is 
over two months old.  To 
ensure accurate Baseline 
data, please update: `npm i b
aseline-browser-mapping@lates
t -D`
[baseline-browser-mapping] 
The data in this module is 
over two months old.  To 
ensure accurate Baseline 
data, please update: `npm i b
aseline-browser-mapping@lates
t -D`
[baseline-browser-mapping] 
The data in this module is 
over two months old.  To 
ensure accurate Baseline 
data, please update: `npm i b
aseline-browser-mapping@lates
t -D`
[baseline-browser-mapping] 
The data in this module is 
over two months old.  To 
ensure accurate Baseline 
data, please update: `npm i b
aseline-browser-mapping@lates
t -D`
[baseline-browser-mapping] 
The data in this module is 
over two months old.  To 
ensure accurate Baseline 
data, please update: `npm i b
aseline-browser-mapping@lates
t -D`
[baseline-browser-mapping] 
The data in this module is 
over two months old.  To 
ensure accurate Baseline 
data, please update: `npm i b
aseline-browser-mapping@lates
t -D`
[baseline-browser-mapping] 
The data in this module is 
over two months old.  To 
ensure accurate Baseline 
data, please update: `npm i b
aseline-browser-mapping@lates
t -D`
[baseline-browser-mapping] 
The data in this module is 
over two months old.  To 
ensure accurate Baseline 
data, please update: `npm i b
aseline-browser-mapping@lates
t -D`
[baseline-browser-mapping] 
The data in this module is 
over two months old.  To 
ensure accurate Baseline 
data, please update: `npm i b
aseline-browser-mapping@lates
t -D`
[baseline-browser-mapping] 
The data in this module is 
over two months old.  To 
ensure accurate Baseline 
data, please update: `npm i b
aseline-browser-mapping@lates
t -D`
[baseline-browser-mapping] 
The data in this module is 
over two months old.  To 
ensure accurate Baseline 
data, please update: `npm i b
aseline-browser-mapping@lates
t -D`
[baseline-browser-mapping] 
The data in this module is 
over two months old.  To 
ensure accurate Baseline 
data, please update: `npm i b
aseline-browser-mapping@lates
t -D`
[baseline-browser-mapping] 
The data in this module is 
over two months old.  To 
ensure accurate Baseline 
data, please update: `npm i b
aseline-browser-mapping@lates
t -D`
[baseline-browser-mapping] 
The data in this module is 
over two months old.  To 
ensure accurate Baseline 
data, please update: `npm i b
aseline-browser-mapping@lates
t -D`
[baseline-browser-mapping] 
The data in this module is 
over two months old.  To 
ensure accurate Baseline 
data, please update: `npm i b
aseline-browser-mapping@lates
t -D`
Error: supabaseUrl is 
required.
    at module evaluation (C:\
Users\telem\.gemini\antigravi
ty\scratch\alros-inmobiliaria
\.next\server\chunks\[root-of
-the-server]__f6d73ff9._.js:1
:1397)
    at instantiateModule (C:\
Users\telem\.gemini\antigravi
ty\scratch\alros-inmobiliaria
\.next\server\chunks\[turbopa
ck]_runtime.js:715:9)
    at 
instantiateRuntimeModule (C:\
Users\telem\.gemini\antigravi
ty\scratch\alros-inmobiliaria
\.next\server\chunks\[turbopa
ck]_runtime.js:743:12)
    at getOrInstantiateRuntim
eModule (C:\Users\telem\.gemi
ni\antigravity\scratch\alros-
inmobiliaria\.next\server\chu
nks\[turbopack]_runtime.js:75
6:12)
    at Object.m (C:\Users\tel
em\.gemini\antigravity\scratc
h\alros-inmobiliaria\.next\se
rver\chunks\[turbopack]_runti
me.js:765:18)
    at Object.<anonymous> (C:
\Users\telem\.gemini\antigrav
ity\scratch\alros-inmobiliari
a\.next\server\app\api\seed-k
nowledge\route.js:6:3)
Error: supabaseUrl is 
required.
    at module evaluation (C:\
Users\telem\.gemini\antigravi
ty\scratch\alros-inmobiliaria
\.next\server\chunks\[root-of
-the-server]__2d1e0393._.js:1
:1397)
    at instantiateModule (C:\
Users\telem\.gemini\antigravi
ty\scratch\alros-inmobiliaria
\.next\server\chunks\[turbopa
ck]_runtime.js:715:9)
    at 
instantiateRuntimeModule (C:\
Users\telem\.gemini\antigravi
ty\scratch\alros-inmobiliaria
\.next\server\chunks\[turbopa
ck]_runtime.js:743:12)
    at getOrInstantiateRuntim
eModule (C:\Users\telem\.gemi
ni\antigravity\scratch\alros-
inmobiliaria\.next\server\chu
nks\[turbopack]_runtime.js:75
6:12)
    at Object.m (C:\Users\tel
em\.gemini\antigravity\scratc
h\alros-inmobiliaria\.next\se
rver\chunks\[turbopack]_runti
me.js:765:18)
    at Object.<anonymous> (C:
\Users\telem\.gemini\antigrav
ity\scratch\alros-inmobiliari
a\.next\server\app\api\proper
ties\route.js:6:3)
Error: supabaseUrl is 
required.
    at instantiateModule (C:\
Users\telem\.gemini\antigravi
ty\scratch\alros-inmobiliaria
\.next\server\chunks\[turbopa
ck]_runtime.js:715:9)
    at 
instantiateRuntimeModule (C:\
Users\telem\.gemini\antigravi
ty\scratch\alros-inmobiliaria
\.next\server\chunks\[turbopa
ck]_runtime.js:743:12)
    at getOrInstantiateRuntim
eModule (C:\Users\telem\.gemi
ni\antigravity\scratch\alros-
inmobiliaria\.next\server\chu
nks\[turbopack]_runtime.js:75
6:12)
    at Object.m (C:\Users\tel
em\.gemini\antigravity\scratc
h\alros-inmobiliaria\.next\se
rver\chunks\[turbopack]_runti
me.js:765:18)
    at Object.<anonymous> (C:
\Users\telem\.gemini\antigrav
ity\scratch\alros-inmobiliari
a\.next\server\app\api\seed\r
oute.js:7:3)
Error: Failed to collect 
configuration for 
/en/propiedades/[id]
    at ignore-listed frames {
  [cause]: Error: 
supabaseUrl is required.
      at module evaluation (C
:\Users\telem\.gemini\antigra
vity\scratch\alros-inmobiliar
ia\.next\server\chunks\ssr\_6
9688924._.js:1:164)
      at instantiateModule (C
:\Users\telem\.gemini\antigra
vity\scratch\alros-inmobiliar
ia\.next\server\chunks\ssr\[t
urbopack]_runtime.js:715:9)
      at getOrInstantiateModu
leFromParent (C:\Users\telem\
.gemini\antigravity\scratch\a
lros-inmobiliaria\.next\serve
r\chunks\ssr\[turbopack]_runt
ime.js:738:12)
      at Context.esmImport 
[as i] (C:\Users\telem\.gemin
i\antigravity\scratch\alros-i
nmobiliaria\.next\server\chun
ks\ssr\[turbopack]_runtime.js
:228:20)
      at module evaluation (C
:\Users\telem\.gemini\antigra
vity\scratch\alros-inmobiliar
ia\.next\server\chunks\ssr\[r
oot-of-the-server]__f0751ac7.
_.js:1:18320)
      at instantiateModule (C
:\Users\telem\.gemini\antigra
vity\scratch\alros-inmobiliar
ia\.next\server\chunks\ssr\[t
urbopack]_runtime.js:715:9)
      at getOrInstantiateModu
leFromParent (C:\Users\telem\
.gemini\antigravity\scratch\a
lros-inmobiliaria\.next\serve
r\chunks\ssr\[turbopack]_runt
ime.js:738:12)
}
Error: Failed to collect 
configuration for 
/en/propiedades
    at ignore-listed frames {
  [cause]: Error: 
supabaseUrl is required.
      at module evaluation (C
:\Users\telem\.gemini\antigra
vity\scratch\alros-inmobiliar
ia\.next\server\chunks\ssr\_3
bb6fce6._.js:1:164)
      at instantiateModule (C
:\Users\telem\.gemini\antigra
vity\scratch\alros-inmobiliar
ia\.next\server\chunks\ssr\[t
urbopack]_runtime.js:715:9)
      at getOrInstantiateModu
leFromParent (C:\Users\telem\
.gemini\antigravity\scratch\a
lros-inmobiliaria\.next\serve
r\chunks\ssr\[turbopack]_runt
ime.js:738:12)
      at Context.esmImport 
[as i] (C:\Users\telem\.gemin
i\antigravity\scratch\alros-i
nmobiliaria\.next\server\chun
ks\ssr\[turbopack]_runtime.js
:228:20)
      at module evaluation (C
:\Users\telem\.gemini\antigra
vity\scratch\alros-inmobiliar
ia\.next\server\chunks\ssr\[r
oot-of-the-server]__e51b6f66.
_.js:1:5240)
      at instantiateModule (C
:\Users\telem\.gemini\antigra
vity\scratch\alros-inmobiliar
ia\.next\server\chunks\ssr\[t
urbopack]_runtime.js:715:9)
      at getOrInstantiateModu
leFromParent (C:\Users\telem\
.gemini\antigravity\scratch\a
lros-inmobiliaria\.next\serve
r\chunks\ssr\[turbopack]_runt
ime.js:738:12)
}
Error: Failed to collect 
configuration for 
/propiedades/[id]
    at ignore-listed frames {
  [cause]: Error: 
supabaseUrl is required.
      at module evaluation (C
:\Users\telem\.gemini\antigra
vity\scratch\alros-inmobiliar
ia\.next\server\chunks\ssr\_3
bb6fce6._.js:1:164)
      at instantiateModule (C
:\Users\telem\.gemini\antigra
vity\scratch\alros-inmobiliar
ia\.next\server\chunks\ssr\[t
urbopack]_runtime.js:715:9)
      at getOrInstantiateModu
leFromParent (C:\Users\telem\
.gemini\antigravity\scratch\a
lros-inmobiliaria\.next\serve
r\chunks\ssr\[turbopack]_runt
ime.js:738:12)
      at Context.esmImport 
[as i] (C:\Users\telem\.gemin
i\antigravity\scratch\alros-i
nmobiliaria\.next\server\chun
ks\ssr\[turbopack]_runtime.js
:228:20)
      at module evaluation (C
:\Users\telem\.gemini\antigra
vity\scratch\alros-inmobiliar
ia\.next\server\chunks\ssr\[r
oot-of-the-server]__e51b6f66.
_.js:1:5240)
      at instantiateModule (C
:\Users\telem\.gemini\antigra
vity\scratch\alros-inmobiliar
ia\.next\server\chunks\ssr\[t
urbopack]_runtime.js:715:9)
      at getOrInstantiateModu
leFromParent (C:\Users\telem\
.gemini\antigravity\scratch\a
lros-inmobiliaria\.next\serve
r\chunks\ssr\[turbopack]_runt
ime.js:738:12)
}
Error: Failed to collect 
configuration for 
/propiedades/[id]/print
    at ignore-listed frames {
  [cause]: Error: 
supabaseUrl is required.
      at module evaluation (C
:\Users\telem\.gemini\antigra
vity\scratch\alros-inmobiliar
ia\.next\server\chunks\ssr\_6
9688924._.js:1:164)
      at instantiateModule (C
:\Users\telem\.gemini\antigra
vity\scratch\alros-inmobiliar
ia\.next\server\chunks\ssr\[t
urbopack]_runtime.js:715:9)
      at getOrInstantiateModu
leFromParent (C:\Users\telem\
.gemini\antigravity\scratch\a
lros-inmobiliaria\.next\serve
r\chunks\ssr\[turbopack]_runt
ime.js:738:12)
      at Context.esmImport 
[as i] (C:\Users\telem\.gemin
i\antigravity\scratch\alros-i
nmobiliaria\.next\server\chun
ks\ssr\[turbopack]_runtime.js
:228:20)
      at module evaluation (C
:\Users\telem\.gemini\antigra
vity\scratch\alros-inmobiliar
ia\.next\server\chunks\ssr\[r
oot-of-the-server]__f0751ac7.
_.js:1:18320)
      at instantiateModule (C
:\Users\telem\.gemini\antigra
vity\scratch\alros-inmobiliar
ia\.next\server\chunks\ssr\[t
urbopack]_runtime.js:715:9)
      at getOrInstantiateModu
leFromParent (C:\Users\telem\
.gemini\antigravity\scratch\a
lros-inmobiliaria\.next\serve
r\chunks\ssr\[turbopack]_runt
ime.js:738:12)
}
Error: Failed to collect 
configuration for 
/admin/propietarios/[id]
    at ignore-listed frames {
  [cause]: Error: 
supabaseUrl is required.
      at module evaluation (C
:\Users\telem\.gemini\antigra
vity\scratch\alros-inmobiliar
ia\.next\server\chunks\ssr\_3
bb6fce6._.js:1:164)
      at instantiateModule (C
:\Users\telem\.gemini\antigra
vity\scratch\alros-inmobiliar
ia\.next\server\chunks\ssr\[t
urbopack]_runtime.js:715:9)
      at getOrInstantiateModu
leFromParent (C:\Users\telem\
.gemini\antigravity\scratch\a
lros-inmobiliaria\.next\serve
r\chunks\ssr\[turbopack]_runt
ime.js:738:12)
      at Context.esmImport 
[as i] (C:\Users\telem\.gemin
i\antigravity\scratch\alros-i
nmobiliaria\.next\server\chun
ks\ssr\[turbopack]_runtime.js
:228:20)
      at module evaluation (C
:\Users\telem\.gemini\antigra
vity\scratch\alros-inmobiliar
ia\.next\server\chunks\ssr\[r
oot-of-the-server]__e51b6f66.
_.js:1:5240)
      at instantiateModule (C
:\Users\telem\.gemini\antigra
vity\scratch\alros-inmobiliar
ia\.next\server\chunks\ssr\[t
urbopack]_runtime.js:715:9)
      at getOrInstantiateModu
leFromParent (C:\Users\telem\
.gemini\antigravity\scratch\a
lros-inmobiliaria\.next\serve
r\chunks\ssr\[turbopack]_runt
ime.js:738:12)
}
Error: Failed to collect 
configuration for 
/admin/interesados/[id]
    at ignore-listed frames {
  [cause]: Error: 
supabaseUrl is required.
      at module evaluation (C
:\Users\telem\.gemini\antigra
vity\scratch\alros-inmobiliar
ia\.next\server\chunks\ssr\_6
1c7e32d._.js:1:164)
      at instantiateModule (C
:\Users\telem\.gemini\antigra
vity\scratch\alros-inmobiliar
ia\.next\server\chunks\ssr\[t
urbopack]_runtime.js:715:9)
      at getOrInstantiateModu
leFromParent (C:\Users\telem\
.gemini\antigravity\scratch\a
lros-inmobiliaria\.next\serve
r\chunks\ssr\[turbopack]_runt
ime.js:738:12)
      at Context.esmImport 
[as i] (C:\Users\telem\.gemin
i\antigravity\scratch\alros-i
nmobiliaria\.next\server\chun
ks\ssr\[turbopack]_runtime.js
:228:20)
      at module evaluation (C
:\Users\telem\.gemini\antigra
vity\scratch\alros-inmobiliar
ia\.next\server\chunks\ssr\[r
oot-of-the-server]__86890dce.
_.js:1:8249)
      at instantiateModule (C
:\Users\telem\.gemini\antigra
vity\scratch\alros-inmobiliar
ia\.next\server\chunks\ssr\[t
urbopack]_runtime.js:715:9)
      at getOrInstantiateModu
leFromParent (C:\Users\telem\
.gemini\antigravity\scratch\a
lros-inmobiliaria\.next\serve
r\chunks\ssr\[turbopack]_runt
ime.js:738:12)
}
Error: Failed to collect 
configuration for /admin
    at ignore-listed frames {
  [cause]: Error: 
supabaseUrl is required.
      at module evaluation (C
:\Users\telem\.gemini\antigra
vity\scratch\alros-inmobiliar
ia\.next\server\chunks\ssr\_0
b6e6373._.js:1:164)
      at instantiateModule (C
:\Users\telem\.gemini\antigra
vity\scratch\alros-inmobiliar
ia\.next\server\chunks\ssr\[t
urbopack]_runtime.js:715:9)
      at getOrInstantiateModu
leFromParent (C:\Users\telem\
.gemini\antigravity\scratch\a
lros-inmobiliaria\.next\serve
r\chunks\ssr\[turbopack]_runt
ime.js:738:12)
      at Context.esmImport 
[as i] (C:\Users\telem\.gemin
i\antigravity\scratch\alros-i
nmobiliaria\.next\server\chun
ks\ssr\[turbopack]_runtime.js
:228:20)
      at module evaluation (C
:\Users\telem\.gemini\antigra
vity\scratch\alros-inmobiliar
ia\.next\server\chunks\ssr\sr
c_app_admin_page_tsx_49eb08c8
._.js:1:2754)
      at instantiateModule (C
:\Users\telem\.gemini\antigra
vity\scratch\alros-inmobiliar
ia\.next\server\chunks\ssr\[t
urbopack]_runtime.js:715:9)
      at getOrInstantiateModu
leFromParent (C:\Users\telem\
.gemini\antigravity\scratch\a
lros-inmobiliaria\.next\serve
r\chunks\ssr\[turbopack]_runt
ime.js:738:12)
}
Error: Failed to collect 
configuration for 
/propiedades
    at ignore-listed frames {
  [cause]: Error: 
supabaseUrl is required.
      at module evaluation (C
:\Users\telem\.gemini\antigra
vity\scratch\alros-inmobiliar
ia\.next\server\chunks\ssr\_9
9d4bb0f._.js:1:164)
      at instantiateModule (C
:\Users\telem\.gemini\antigra
vity\scratch\alros-inmobiliar
ia\.next\server\chunks\ssr\[t
urbopack]_runtime.js:715:9)
      at getOrInstantiateModu
leFromParent (C:\Users\telem\
.gemini\antigravity\scratch\a
lros-inmobiliaria\.next\serve
r\chunks\ssr\[turbopack]_runt
ime.js:738:12)
      at Context.esmImport 
[as i] (C:\Users\telem\.gemin
i\antigravity\scratch\alros-i
nmobiliaria\.next\server\chun
ks\ssr\[turbopack]_runtime.js
:228:20)
      at module evaluation (C
:\Users\telem\.gemini\antigra
vity\scratch\alros-inmobiliar
ia\.next\server\chunks\ssr\[r
oot-of-the-server]__eeafed93.
_.js:1:5240)
      at instantiateModule (C
:\Users\telem\.gemini\antigra
vity\scratch\alros-inmobiliar
ia\.next\server\chunks\ssr\[t
urbopack]_runtime.js:715:9)
      at getOrInstantiateModu
leFromParent (C:\Users\telem\
.gemini\antigravity\scratch\a
lros-inmobiliaria\.next\serve
r\chunks\ssr\[turbopack]_runt
ime.js:738:12)
}

> Build error occurred
Error: Failed to collect 
page data for 
/api/seed-knowledge
    at ignore-listed frames {
  type: 'Error'
}
